---
source: src/vm/chunk.rs
expression: chunk
---
0000    0 RET

