---
source: src/tests.rs
expression: ty
---
Lambda(
    Int,
    Int,
)
