---
source: src/tests.rs
expression: ty
---
(TyVar('a) -> TyVar('b)) -> TyVar('a) -> TyVar('b)
