---
source: src/tests.rs
expression: ty
---
Int -> Int
