---
source: src/tests.rs
expression: ty
---
TyVar('a) -> TyVar('a)
